Archive member included to satisfy reference by file (symbol)

c:/st/stm32cubeide_1.4.0/stm32cubeide/plugins/com.st.stm32cube.ide.mcu.externaltools.gnu-tools-for-stm32.7-2018-q2-update.win32_1.4.0.202007081208/tools/bin/../lib/gcc/arm-none-eabi/7.3.1/../../../../arm-none-eabi/lib/thumb/v7-m\libc_nano.a(lib_a-errno.o)
                              Src/syscalls.o (__errno)
c:/st/stm32cubeide_1.4.0/stm32cubeide/plugins/com.st.stm32cube.ide.mcu.externaltools.gnu-tools-for-stm32.7-2018-q2-update.win32_1.4.0.202007081208/tools/bin/../lib/gcc/arm-none-eabi/7.3.1/../../../../arm-none-eabi/lib/thumb/v7-m\libc_nano.a(lib_a-exit.o)
                              c:/st/stm32cubeide_1.4.0/stm32cubeide/plugins/com.st.stm32cube.ide.mcu.externaltools.gnu-tools-for-stm32.7-2018-q2-update.win32_1.4.0.202007081208/tools/bin/../lib/gcc/arm-none-eabi/7.3.1/../../../../arm-none-eabi/lib/thumb/v7-m/crt0.o (exit)
c:/st/stm32cubeide_1.4.0/stm32cubeide/plugins/com.st.stm32cube.ide.mcu.externaltools.gnu-tools-for-stm32.7-2018-q2-update.win32_1.4.0.202007081208/tools/bin/../lib/gcc/arm-none-eabi/7.3.1/../../../../arm-none-eabi/lib/thumb/v7-m\libc_nano.a(lib_a-impure.o)
                              c:/st/stm32cubeide_1.4.0/stm32cubeide/plugins/com.st.stm32cube.ide.mcu.externaltools.gnu-tools-for-stm32.7-2018-q2-update.win32_1.4.0.202007081208/tools/bin/../lib/gcc/arm-none-eabi/7.3.1/../../../../arm-none-eabi/lib/thumb/v7-m\libc_nano.a(lib_a-exit.o) (_global_impure_ptr)
c:/st/stm32cubeide_1.4.0/stm32cubeide/plugins/com.st.stm32cube.ide.mcu.externaltools.gnu-tools-for-stm32.7-2018-q2-update.win32_1.4.0.202007081208/tools/bin/../lib/gcc/arm-none-eabi/7.3.1/../../../../arm-none-eabi/lib/thumb/v7-m\libc_nano.a(lib_a-init.o)
                              c:/st/stm32cubeide_1.4.0/stm32cubeide/plugins/com.st.stm32cube.ide.mcu.externaltools.gnu-tools-for-stm32.7-2018-q2-update.win32_1.4.0.202007081208/tools/bin/../lib/gcc/arm-none-eabi/7.3.1/../../../../arm-none-eabi/lib/thumb/v7-m/crt0.o (__libc_init_array)
c:/st/stm32cubeide_1.4.0/stm32cubeide/plugins/com.st.stm32cube.ide.mcu.externaltools.gnu-tools-for-stm32.7-2018-q2-update.win32_1.4.0.202007081208/tools/bin/../lib/gcc/arm-none-eabi/7.3.1/../../../../arm-none-eabi/lib/thumb/v7-m\libc_nano.a(lib_a-memset.o)
                              c:/st/stm32cubeide_1.4.0/stm32cubeide/plugins/com.st.stm32cube.ide.mcu.externaltools.gnu-tools-for-stm32.7-2018-q2-update.win32_1.4.0.202007081208/tools/bin/../lib/gcc/arm-none-eabi/7.3.1/../../../../arm-none-eabi/lib/thumb/v7-m/crt0.o (memset)

Allocating common symbols
Common symbol       size              file

Global_SPI_Config2  0x18              Stm32_F103C6_drivers/Stm32_F103C6_SPI_driver.o
Global_I2C_Config2  0x20              Stm32_F103C6_drivers/Stm32_F103C6_I2C_driver.o
PCLK                0x4               Stm32_F103C6_drivers/Stm32_F103C6_UART_driver.o
GP_IRQ_CALLBACK     0x3c              Stm32_F103C6_drivers/Stm32_F103C6_EXTI_driver.o
Global_I2C_Config1  0x20              Stm32_F103C6_drivers/Stm32_F103C6_I2C_driver.o
RFID_CARD_Enter     0x2               Src/main.o
Global_SPI_Config1  0x18              Stm32_F103C6_drivers/Stm32_F103C6_SPI_driver.o
BRR                 0x4               Stm32_F103C6_drivers/Stm32_F103C6_UART_driver.o
RFID_CARD_EXIT      0x2               Src/main.o

Discarded input sections

 .text          0x0000000000000000        0x0 c:/st/stm32cubeide_1.4.0/stm32cubeide/plugins/com.st.stm32cube.ide.mcu.externaltools.gnu-tools-for-stm32.7-2018-q2-update.win32_1.4.0.202007081208/tools/bin/../lib/gcc/arm-none-eabi/7.3.1/thumb/v7-m/crti.o
 .data          0x0000000000000000        0x0 c:/st/stm32cubeide_1.4.0/stm32cubeide/plugins/com.st.stm32cube.ide.mcu.externaltools.gnu-tools-for-stm32.7-2018-q2-update.win32_1.4.0.202007081208/tools/bin/../lib/gcc/arm-none-eabi/7.3.1/thumb/v7-m/crti.o
 .bss           0x0000000000000000        0x0 c:/st/stm32cubeide_1.4.0/stm32cubeide/plugins/com.st.stm32cube.ide.mcu.externaltools.gnu-tools-for-stm32.7-2018-q2-update.win32_1.4.0.202007081208/tools/bin/../lib/gcc/arm-none-eabi/7.3.1/thumb/v7-m/crti.o
 .data          0x0000000000000000        0x4 c:/st/stm32cubeide_1.4.0/stm32cubeide/plugins/com.st.stm32cube.ide.mcu.externaltools.gnu-tools-for-stm32.7-2018-q2-update.win32_1.4.0.202007081208/tools/bin/../lib/gcc/arm-none-eabi/7.3.1/thumb/v7-m/crtbegin.o
 .text          0x0000000000000000       0x74 c:/st/stm32cubeide_1.4.0/stm32cubeide/plugins/com.st.stm32cube.ide.mcu.externaltools.gnu-tools-for-stm32.7-2018-q2-update.win32_1.4.0.202007081208/tools/bin/../lib/gcc/arm-none-eabi/7.3.1/../../../../arm-none-eabi/lib/thumb/v7-m/crt0.o
 .data          0x0000000000000000        0x0 c:/st/stm32cubeide_1.4.0/stm32cubeide/plugins/com.st.stm32cube.ide.mcu.externaltools.gnu-tools-for-stm32.7-2018-q2-update.win32_1.4.0.202007081208/tools/bin/../lib/gcc/arm-none-eabi/7.3.1/../../../../arm-none-eabi/lib/thumb/v7-m/crt0.o
[...]
Memory Configuration

Name             Origin             Length             Attributes
RAM              0x0000000020000000 0x0000000000002800 xrw
ROM              0x0000000008000000 0x0000000000008000 xr
*default*        0x0000000000000000 0xffffffffffffffff

Linker script and memory map

LOAD c:/st/stm32cubeide_1.4.0/stm32cubeide/plugins/com.st.stm32cube.ide.mcu.externaltools.gnu-tools-for-stm32.7-2018-q2-update.win32_1.4.0.202007081208/tools/bin/../lib/gcc/arm-none-eabi/7.3.1/thumb/v7-m/crti.o
LOAD c:/st/stm32cubeide_1.4.0/stm32cubeide/plugins/com.st.stm32cube.ide.mcu.externaltools.gnu-tools-for-stm32.7-2018-q2-update.win32_1.4.0.202007081208/tools/bin/../lib/gcc/arm-none-eabi/7.3.1/thumb/v7-m/crtbegin.o
LOAD c:/st/stm32cubeide_1.4.0/stm32cubeide/plugins/com.st.stm32cube.ide.mcu.externaltools.gnu-tools-for-stm32.7-2018-q2-update.win32_1.4.0.202007081208/tools/bin/../lib/gcc/arm-none-eabi/7.3.1/../../../../arm-none-eabi/lib/thumb/v7-m/crt0.o
LOAD HAL/EEP_ROM_Slave.o
LOAD HAL/Keypad.o
LOAD HAL/Servo_Motor.o
LOAD HAL/lcd_me.o
LOAD Src/main.o
LOAD Src/syscalls.o
LOAD Src/sysmem.o
LOAD Startup/startup_stm32f103c6tx.o
LOAD Stm32_F103C6_drivers/Stm32_F103C6_EXTI_driver.o
LOAD Stm32_F103C6_drivers/Stm32_F103C6_Gpio_driver.o
LOAD Stm32_F103C6_drivers/Stm32_F103C6_I2C_driver.o
LOAD Stm32_F103C6_drivers/Stm32_F103C6_RCC_driver.o
LOAD Stm32_F103C6_drivers/Stm32_F103C6_SPI_driver.o
LOAD Stm32_F103C6_drivers/Stm32_F103C6_Time_driver.o
LOAD Stm32_F103C6_drivers/Stm32_F103C6_UART_driver.o
START GROUP
LOAD c:/st/stm32cubeide_1.4.0/stm32cubeide/plugins/com.st.stm32cube.ide.mcu.externaltools.gnu-tools-for-stm32.7-2018-q2-update.win32_1.4.0.202007081208/tools/bin/../lib/gcc/arm-none-eabi/7.3.1/../../../../arm-none-eabi/lib/thumb/v7-m\libc_nano.a
LOAD c:/st/stm32cubeide_1.4.0/stm32cubeide/plugins/com.st.stm32cube.ide.mcu.externaltools.gnu-tools-for-stm32.7-2018-q2-update.win32_1.4.0.202007081208/tools/bin/../lib/gcc/arm-none-eabi/7.3.1/../../../../arm-none-eabi/lib/thumb/v7-m\libm.a
END GROUP
START GROUP
LOAD c:/st/stm32cubeide_1.4.0/stm32cubeide/plugins/com.st.stm32cube.ide.mcu.externaltools.gnu-tools-for-stm32.7-2018-q2-update.win32_1.4.0.202007081208/tools/bin/../lib/gcc/arm-none-eabi/7.3.1/thumb/v7-m\libgcc.a
LOAD c:/st/stm32cubeide_1.4.0/stm32cubeide/plugins/com.st.stm32cube.ide.mcu.externaltools.gnu-tools-for-stm32.7-2018-q2-update.win32_1.4.0.202007081208/tools/bin/../lib/gcc/arm-none-eabi/7.3.1/../../../../arm-none-eabi/lib/thumb/v7-m\libg_nano.a
LOAD c:/st/stm32cubeide_1.4.0/stm32cubeide/plugins/com.st.stm32cube.ide.mcu.externaltools.gnu-tools-for-stm32.7-2018-q2-update.win32_1.4.0.202007081208/tools/bin/../lib/gcc/arm-none-eabi/7.3.1/../../../../arm-none-eabi/lib/thumb/v7-m\libc_nano.a
END GROUP
START GROUP
LOAD c:/st/stm32cubeide_1.4.0/stm32cubeide/plugins/com.st.stm32cube.ide.mcu.externaltools.gnu-tools-for-stm32.7-2018-q2-update.win32_1.4.0.202007081208/tools/bin/../lib/gcc/arm-none-eabi/7.3.1/thumb/v7-m\libgcc.a
LOAD c:/st/stm32cubeide_1.4.0/stm32cubeide/plugins/com.st.stm32cube.ide.mcu.externaltools.gnu-tools-for-stm32.7-2018-q2-update.win32_1.4.0.202007081208/tools/bin/../lib/gcc/arm-none-eabi/7.3.1/../../../../arm-none-eabi/lib/thumb/v7-m\libc_nano.a
LOAD c:/st/stm32cubeide_1.4.0/stm32cubeide/plugins/com.st.stm32cube.ide.mcu.externaltools.gnu-tools-for-stm32.7-2018-q2-update.win32_1.4.0.202007081208/tools/bin/../lib/gcc/arm-none-eabi/7.3.1/../../../../arm-none-eabi/lib/thumb/v7-m\libnosys.a
END GROUP
START GROUP
LOAD c:/st/stm32cubeide_1.4.0/stm32cubeide/plugins/com.st.stm32cube.ide.mcu.externaltools.gnu-tools-for-stm32.7-2018-q2-update.win32_1.4.0.202007081208/tools/bin/../lib/gcc/arm-none-eabi/7.3.1/thumb/v7-m\libgcc.a
LOAD c:/st/stm32cubeide_1.4.0/stm32cubeide/plugins/com.st.stm32cube.ide.mcu.externaltools.gnu-tools-for-stm32.7-2018-q2-update.win32_1.4.0.202007081208/tools/bin/../lib/gcc/arm-none-eabi/7.3.1/../../../../arm-none-eabi/lib/thumb/v7-m\libc_nano.a
LOAD c:/st/stm32cubeide_1.4.0/stm32cubeide/plugins/com.st.stm32cube.ide.mcu.externaltools.gnu-tools-for-stm32.7-2018-q2-update.win32_1.4.0.202007081208/tools/bin/../lib/gcc/arm-none-eabi/7.3.1/../../../../arm-none-eabi/lib/thumb/v7-m\libnosys.a
END GROUP
LOAD c:/st/stm32cubeide_1.4.0/stm32cubeide/plugins/com.st.stm32cube.ide.mcu.externaltools.gnu-tools-for-stm32.7-2018-q2-update.win32_1.4.0.202007081208/tools/bin/../lib/gcc/arm-none-eabi/7.3.1/thumb/v7-m/crtend.o
LOAD c:/st/stm32cubeide_1.4.0/stm32cubeide/plugins/com.st.stm32cube.ide.mcu.externaltools.gnu-tools-for-stm32.7-2018-q2-update.win32_1.4.0.202007081208/tools/bin/../lib/gcc/arm-none-eabi/7.3.1/thumb/v7-m/crtn.o
                0x0000000020002800                _estack = (ORIGIN (RAM) + LENGTH (RAM))
                0x0000000000000200                _Min_Heap_Size = 0x200
                0x0000000000000400                _Min_Stack_Size = 0x400

.isr_vector     0x0000000008000000      0x130
                0x0000000008000000                . = ALIGN (0x4)
 *(.isr_vector)
 .isr_vector    0x0000000008000000      0x130 Startup/startup_stm32f103c6tx.o
                0x0000000008000000                g_pfnVectors
                0x0000000008000130                . = ALIGN (0x4)

.text           0x0000000008000130     0x1928
                0x0000000008000130                . = ALIGN (0x4)
 *(.text)
 .text          0x0000000008000130       0x40 c:/st/stm32cubeide_1.4.0/stm32cubeide/plugins/com.st.stm32cube.ide.mcu.externaltools.gnu-tools-for-stm32.7-2018-q2-update.win32_1.4.0.202007081208/tools/bin/../lib/gcc/arm-none-eabi/7.3.1/thumb/v7-m/crtbegin.o
 *(.text*)
 .text.keypad_Init
                0x0000000008000170       0x9c HAL/Keypad.o
                0x0000000008000170                keypad_Init
 .text.keypad_Read
                0x000000000800020c      0x118 HAL/Keypad.o
                0x000000000800020c                keypad_Read
 .text.Servo1_Entry_Gate_Init
                0x0000000008000324       0x2c HAL/Servo_Motor.o
                0x0000000008000324                Servo1_Entry_Gate_Init
 .text.Servo1_Entry_Gate
                0x0000000008000350       0x64 HAL/Servo_Motor.o
                0x0000000008000350                Servo1_Entry_Gate
 .text.Servo2_Exit_Gate_Init
                0x00000000080003b4       0x2c HAL/Servo_Motor.o
                0x00000000080003b4                Servo2_Exit_Gate_Init
 .text.Servo2_Exit_Gate
                0x00000000080003e0       0x64 HAL/Servo_Motor.o
                0x00000000080003e0                Servo2_Exit_Gate
 .text.LCD_delay
                0x0000000008000444       0x3a HAL/lcd_me.o
 .text.LCD_kick
                0x000000000800047e       0x36 HAL/lcd_me.o
                0x000000000800047e                LCD_kick
 .text.LCD_init
                0x00000000080004b4      0x10e HAL/lcd_me.o
                0x00000000080004b4                LCD_init
 .text.LCD_sendchar
                0x00000000080005c2      0x146 HAL/lcd_me.o
                0x00000000080005c2                LCD_sendchar
 .text.LCD_sendstring
                0x0000000008000708       0x30 HAL/lcd_me.o
                0x0000000008000708                LCD_sendstring
 .text.LCDIsbusy
                0x0000000008000738       0x16 HAL/lcd_me.o
                0x0000000008000738                LCDIsbusy
 .text.LCD_clearscreen
                0x000000000800074e       0x20 HAL/lcd_me.o
                0x000000000800074e                LCD_clearscreen
 .text.LCD_returnhome
                0x000000000800076e       0x20 HAL/lcd_me.o
                0x000000000800076e                LCD_returnhome
 *fill*         0x000000000800078e        0x2 
 .text.LCD_gotoxy
                0x0000000008000790       0x74 HAL/lcd_me.o
                0x0000000008000790                LCD_gotoxy
 .text.main     0x0000000008000804      0x3e0 Src/main.o
                0x0000000008000804                main
 .text.RFID_CARD_Enter_CallBack
                0x0000000008000be4       0x24 Src/main.o
                0x0000000008000be4                RFID_CARD_Enter_CallBack
 .text.LCD_Welcome
                0x0000000008000c08       0x4c Src/main.o
                0x0000000008000c08                LCD_Welcome
 .text.LCD_Display_Empty_Slots
                0x0000000008000c54       0x54 Src/main.o
                0x0000000008000c54                LCD_Display_Empty_Slots
 .text.LEDs_Init
                0x0000000008000ca8       0x40 Src/main.o
                0x0000000008000ca8                LEDs_Init
 .text.PIRs_Iint
                0x0000000008000ce8       0x4c Src/main.o
                0x0000000008000ce8                PIRs_Iint
 .text.Store_IDs_From_Admin
                0x0000000008000d34      0x1b4 Src/main.o
                0x0000000008000d34                Store_IDs_From_Admin
 .text.Reset_Handler
                0x0000000008000ee8       0x50 Startup/startup_stm32f103c6tx.o
                0x0000000008000ee8                Reset_Handler
 .text.Default_Handler
                0x0000000008000f38        0x2 Startup/startup_stm32f103c6tx.o
                0x0000000008000f38                TIM8_TRG_COM_IRQHandler
                0x0000000008000f38                TIM8_CC_IRQHandler
                0x0000000008000f38                DebugMon_Handler
                0x0000000008000f38                TIM1_CC_IRQHandler
                0x0000000008000f38                HardFault_Handler
                0x0000000008000f38                TIM6_IRQHandler
                0x0000000008000f38                SysTick_Handler
                0x0000000008000f38                PVD_IRQHandler
                0x0000000008000f38                SDIO_IRQHandler
                0x0000000008000f38                PendSV_Handler
                0x0000000008000f38                NMI_Handler
                0x0000000008000f38                USB_HP_CAN_TX_IRQHandler
                0x0000000008000f38                UsageFault_Handler
                0x0000000008000f38                ADC1_2_IRQHandler
                0x0000000008000f38                SPI1_IRQHandler
                0x0000000008000f38                CAN_SCE_IRQHandler
                0x0000000008000f38                TAMPER_IRQHandler
                0x0000000008000f38                TIM8_UP_IRQHandler
                0x0000000008000f38                DMA2_Channel2_IRQHandler
                0x0000000008000f38                DMA1_Channel4_IRQHandler
                0x0000000008000f38                RTC_IRQHandler
                0x0000000008000f38                DMA1_Channel7_IRQHandler
                0x0000000008000f38                UART5_IRQHandler
                0x0000000008000f38                ADC3_IRQHandler
                0x0000000008000f38                TIM4_IRQHandler
                0x0000000008000f38                CAN_RX1_IRQHandler
                0x0000000008000f38                DMA2_Channel1_IRQHandler
                0x0000000008000f38                DMA1_Channel6_IRQHandler
                0x0000000008000f38                UART4_IRQHandler
                0x0000000008000f38                TIM3_IRQHandler
                0x0000000008000f38                RCC_IRQHandler
                0x0000000008000f38                TIM1_TRG_COM_IRQHandler
                0x0000000008000f38                DMA1_Channel1_IRQHandler
                0x0000000008000f38                Default_Handler
                0x0000000008000f38                TIM7_IRQHandler
                0x0000000008000f38                TIM5_IRQHandler
                0x0000000008000f38                SPI2_IRQHandler
                0x0000000008000f38                USB_LP_CAN_RX0_IRQHandler
                0x0000000008000f38                MemManage_Handler
                0x0000000008000f38                SVC_Handler
                0x0000000008000f38                DMA1_Channel5_IRQHandler
                0x0000000008000f38                DMA1_Channel3_IRQHandler
                0x0000000008000f38                FSMC_IRQHandler
                0x0000000008000f38                TIM1_UP_IRQHandler
                0x0000000008000f38                WWDG_IRQHandler
                0x0000000008000f38                TIM2_IRQHandler
                0x0000000008000f38                TIM1_BRK_IRQHandler
                0x0000000008000f38                RTCAlarm_IRQHandler
                0x0000000008000f38                DMA2_Channel4_5_IRQHandler
                0x0000000008000f38                DMA1_Channel2_IRQHandler
                0x0000000008000f38                TIM8_BRK_IRQHandler
                0x0000000008000f38                FLASH_IRQHandler
                0x0000000008000f38                BusFault_Handler
                0x0000000008000f38                SPI3_IRQHandler
                0x0000000008000f38                DMA2_Channel3_IRQHandler
 *fill*         0x0000000008000f3a        0x2 
 .text.EXTI0_IRQHandler
                0x0000000008000f3c       0x24 Stm32_F103C6_drivers/Stm32_F103C6_EXTI_driver.o
                0x0000000008000f3c                EXTI0_IRQHandler
 .text.EXTI1_IRQHandler
                0x0000000008000f60       0x24 Stm32_F103C6_drivers/Stm32_F103C6_EXTI_driver.o
                0x0000000008000f60                EXTI1_IRQHandler
 .text.EXTI2_IRQHandler
                0x0000000008000f84       0x24 Stm32_F103C6_drivers/Stm32_F103C6_EXTI_driver.o
                0x0000000008000f84                EXTI2_IRQHandler
 .text.EXTI3_IRQHandler
                0x0000000008000fa8       0x24 Stm32_F103C6_drivers/Stm32_F103C6_EXTI_driver.o
                0x0000000008000fa8                EXTI3_IRQHandler
 .text.EXTI4_IRQHandler
                0x0000000008000fcc       0x24 Stm32_F103C6_drivers/Stm32_F103C6_EXTI_driver.o
                0x0000000008000fcc                EXTI4_IRQHandler
 .text.EXTI9_5_IRQHandler
                0x0000000008000ff0       0xa8 Stm32_F103C6_drivers/Stm32_F103C6_EXTI_driver.o
                0x0000000008000ff0                EXTI9_5_IRQHandler
 .text.EXTI15_10_IRQHandler
                0x0000000008001098       0xc4 Stm32_F103C6_drivers/Stm32_F103C6_EXTI_driver.o
                0x0000000008001098                EXTI15_10_IRQHandler
 .text.Get_CRLH_Position
                0x000000000800115c       0xc6 Stm32_F103C6_drivers/Stm32_F103C6_Gpio_driver.o
                0x000000000800115c                Get_CRLH_Position
 .text.MCAL_GPIO_Init
                0x0000000008001222       0xf8 Stm32_F103C6_drivers/Stm32_F103C6_Gpio_driver.o
                0x0000000008001222                MCAL_GPIO_Init
 .text.MCAL_GPIO_Read_Pin
                0x000000000800131a       0x32 Stm32_F103C6_drivers/Stm32_F103C6_Gpio_driver.o
                0x000000000800131a                MCAL_GPIO_Read_Pin
 .text.MCAL_GPIO_ReadPort
                0x000000000800134c       0x1e Stm32_F103C6_drivers/Stm32_F103C6_Gpio_driver.o
                0x000000000800134c                MCAL_GPIO_ReadPort
 .text.MCAL_GPIO_WritePin
                0x000000000800136a       0x3c Stm32_F103C6_drivers/Stm32_F103C6_Gpio_driver.o
                0x000000000800136a                MCAL_GPIO_WritePin
 .text.MCAL_GPIO_WritePort
                0x00000000080013a6       0x1c Stm32_F103C6_drivers/Stm32_F103C6_Gpio_driver.o
                0x00000000080013a6                MCAL_GPIO_WritePort
 .text.MCAL_GPIO_WriteGroup
                0x00000000080013c2       0x3a Stm32_F103C6_drivers/Stm32_F103C6_Gpio_driver.o
                0x00000000080013c2                MCAL_GPIO_WriteGroup
 .text.I2C1_EV_IRQHandler
                0x00000000080013fc        0xc Stm32_F103C6_drivers/Stm32_F103C6_I2C_driver.o
                0x00000000080013fc                I2C1_EV_IRQHandler
 .text.I2C1_ER_IRQHandler
                0x0000000008001408        0xc Stm32_F103C6_drivers/Stm32_F103C6_I2C_driver.o
                0x0000000008001408                I2C1_ER_IRQHandler
 .text.I2C2_EV_IRQHandler
                0x0000000008001414        0xc Stm32_F103C6_drivers/Stm32_F103C6_I2C_driver.o
                0x0000000008001414                I2C2_EV_IRQHandler
 .text.I2C2_ER_IRQHandler
                0x0000000008001420        0xc Stm32_F103C6_drivers/Stm32_F103C6_I2C_driver.o
                0x0000000008001420                I2C2_ER_IRQHandler
 .text.MCAL_RCC_GetSys_freq
                0x000000000800142c       0x3c Stm32_F103C6_drivers/Stm32_F103C6_RCC_driver.o
                0x000000000800142c                MCAL_RCC_GetSys_freq
 .text.MCAL_RCC_GetHCLK_freq
                0x0000000008001468       0x28 Stm32_F103C6_drivers/Stm32_F103C6_RCC_driver.o
                0x0000000008001468                MCAL_RCC_GetHCLK_freq
 .text.MCAL_RCC_GetPCLK1_freq
                0x0000000008001490       0x28 Stm32_F103C6_drivers/Stm32_F103C6_RCC_driver.o
                0x0000000008001490                MCAL_RCC_GetPCLK1_freq
 .text.MCAL_RCC_GetPCLK2_freq
                0x00000000080014b8       0x28 Stm32_F103C6_drivers/Stm32_F103C6_RCC_driver.o
                0x00000000080014b8                MCAL_RCC_GetPCLK2_freq
 .text.Timer2_init
                0x00000000080014e0       0x50 Stm32_F103C6_drivers/Stm32_F103C6_Time_driver.o
                0x00000000080014e0                Timer2_init
 .text.dus      0x0000000008001530       0x28 Stm32_F103C6_drivers/Stm32_F103C6_Time_driver.o
                0x0000000008001530                dus
 .text.dms      0x0000000008001558       0x30 Stm32_F103C6_drivers/Stm32_F103C6_Time_driver.o
                0x0000000008001558                dms
 .text.MCAL_UART_GPIO_Set_Pins
                0x0000000008001588      0x1d8 Stm32_F103C6_drivers/Stm32_F103C6_UART_driver.o
                0x0000000008001588                MCAL_UART_GPIO_Set_Pins
 .text.MCAL_UART_Init
                0x0000000008001760      0x1c0 Stm32_F103C6_drivers/Stm32_F103C6_UART_driver.o
                0x0000000008001760                MCAL_UART_Init
 .text.MCAL_UART_Send_Data
                0x0000000008001920       0x36 Stm32_F103C6_drivers/Stm32_F103C6_UART_driver.o
                0x0000000008001920                MCAL_UART_Send_Data
 *fill*         0x0000000008001956        0x2 
 .text.MCAL_UART_Recieve_Data
                0x0000000008001958       0x64 Stm32_F103C6_drivers/Stm32_F103C6_UART_driver.o
                0x0000000008001958                MCAL_UART_Recieve_Data
 .text.USART1_IRQHandler
                0x00000000080019bc       0x14 Stm32_F103C6_drivers/Stm32_F103C6_UART_driver.o
                0x00000000080019bc                USART1_IRQHandler
 .text.USART2_IRQHandler
                0x00000000080019d0       0x14 Stm32_F103C6_drivers/Stm32_F103C6_UART_driver.o
                0x00000000080019d0                USART2_IRQHandler
 .text.USART3_IRQHandler
                0x00000000080019e4       0x14 Stm32_F103C6_drivers/Stm32_F103C6_UART_driver.o
                0x00000000080019e4                USART3_IRQHandler
 .text.__libc_init_array
                0x00000000080019f8       0x48 c:/st/stm32cubeide_1.4.0/stm32cubeide/plugins/com.st.stm32cube.ide.mcu.externaltools.gnu-tools-for-stm32.7-2018-q2-update.win32_1.4.0.202007081208/tools/bin/../lib/gcc/arm-none-eabi/7.3.1/../../../../arm-none-eabi/lib/thumb/v7-m\libc_nano.a(lib_a-init.o)
                0x00000000080019f8                __libc_init_array
 *(.glue_7)
 .glue_7        0x0000000008001a40        0x0 linker stubs
 *(.glue_7t)
 .glue_7t       0x0000000008001a40        0x0 linker stubs
 *(.eh_frame)
 .eh_frame      0x0000000008001a40        0x0 c:/st/stm32cubeide_1.4.0/stm32cubeide/plugins/com.st.stm32cube.ide.mcu.externaltools.gnu-tools-for-stm32.7-2018-q2-update.win32_1.4.0.202007081208/tools/bin/../lib/gcc/arm-none-eabi/7.3.1/thumb/v7-m/crtbegin.o
 *(.init)
 .init          0x0000000008001a40        0x4 c:/st/stm32cubeide_1.4.0/stm32cubeide/plugins/com.st.stm32cube.ide.mcu.externaltools.gnu-tools-for-stm32.7-2018-q2-update.win32_1.4.0.202007081208/tools/bin/../lib/gcc/arm-none-eabi/7.3.1/thumb/v7-m/crti.o
                0x0000000008001a40                _init
 .init          0x0000000008001a44        0x8 c:/st/stm32cubeide_1.4.0/stm32cubeide/plugins/com.st.stm32cube.ide.mcu.externaltools.gnu-tools-for-stm32.7-2018-q2-update.win32_1.4.0.202007081208/tools/bin/../lib/gcc/arm-none-eabi/7.3.1/thumb/v7-m/crtn.o
 *(.fini)
 .fini          0x0000000008001a4c        0x4 c:/st/stm32cubeide_1.4.0/stm32cubeide/plugins/com.st.stm32cube.ide.mcu.externaltools.gnu-tools-for-stm32.7-2018-q2-update.win32_1.4.0.202007081208/tools/bin/../lib/gcc/arm-none-eabi/7.3.1/thumb/v7-m/crti.o
                0x0000000008001a4c                _fini
 .fini          0x0000000008001a50        0x8 c:/st/stm32cubeide_1.4.0/stm32cubeide/plugins/com.st.stm32cube.ide.mcu.externaltools.gnu-tools-for-stm32.7-2018-q2-update.win32_1.4.0.202007081208/tools/bin/../lib/gcc/arm-none-eabi/7.3.1/thumb/v7-m/crtn.o
                0x0000000008001a58                . = ALIGN (0x4)
                0x0000000008001a58                _etext = .

.vfp11_veneer   0x0000000008001a58        0x0
 .vfp11_veneer  0x0000000008001a58        0x0 linker stubs

.v4_bx          0x0000000008001a58        0x0
 .v4_bx         0x0000000008001a58        0x0 linker stubs

.iplt           0x0000000008001a58        0x0
 .iplt          0x0000000008001a58        0x0 c:/st/stm32cubeide_1.4.0/stm32cubeide/plugins/com.st.stm32cube.ide.mcu.externaltools.gnu-tools-for-stm32.7-2018-q2-update.win32_1.4.0.202007081208/tools/bin/../lib/gcc/arm-none-eabi/7.3.1/thumb/v7-m/crtbegin.o

.rodata         0x0000000008001a58      0x110
                0x0000000008001a58                . = ALIGN (0x4)
 *(.rodata)
 .rodata        0x0000000008001a58       0xf6 Src/main.o
 *(.rodata*)
 *fill*         0x0000000008001b4e        0x2 
 .rodata.APBPreSctable
                0x0000000008001b50        0x8 Stm32_F103C6_drivers/Stm32_F103C6_RCC_driver.o
                0x0000000008001b50                APBPreSctable
 .rodata.AHBPreSctable
                0x0000000008001b58       0x10 Stm32_F103C6_drivers/Stm32_F103C6_RCC_driver.o
                0x0000000008001b58                AHBPreSctable
                0x0000000008001b68                . = ALIGN (0x4)

.rel.dyn        0x0000000008001b68        0x0
 .rel.iplt      0x0000000008001b68        0x0 c:/st/stm32cubeide_1.4.0/stm32cubeide/plugins/com.st.stm32cube.ide.mcu.externaltools.gnu-tools-for-stm32.7-2018-q2-update.win32_1.4.0.202007081208/tools/bin/../lib/gcc/arm-none-eabi/7.3.1/thumb/v7-m/crtbegin.o

.ARM.extab      0x0000000008001b68        0x0
                0x0000000008001b68                . = ALIGN (0x4)
 *(.ARM.extab* .gnu.linkonce.armextab.*)
                0x0000000008001b68                . = ALIGN (0x4)

.ARM            0x0000000008001b68        0x0
                0x0000000008001b68                . = ALIGN (0x4)
                0x0000000008001b68                __exidx_start = .
 *(.ARM.exidx*)
                0x0000000008001b68                __exidx_end = .
                0x0000000008001b68                . = ALIGN (0x4)

.preinit_array  0x0000000008001b68        0x0
                0x0000000008001b68                . = ALIGN (0x4)
                0x0000000008001b68                PROVIDE (__preinit_array_start = .)
 *(.preinit_array*)
                0x0000000008001b68                PROVIDE (__preinit_array_end = .)
                0x0000000008001b68                . = ALIGN (0x4)

.init_array     0x0000000008001b68        0x4
                0x0000000008001b68                . = ALIGN (0x4)
                0x0000000008001b68                PROVIDE (__init_array_start = .)
 *(SORT_BY_NAME(.init_array.*))
 *(.init_array*)
 .init_array    0x0000000008001b68        0x4 c:/st/stm32cubeide_1.4.0/stm32cubeide/plugins/com.st.stm32cube.ide.mcu.externaltools.gnu-tools-for-stm32.7-2018-q2-update.win32_1.4.0.202007081208/tools/bin/../lib/gcc/arm-none-eabi/7.3.1/thumb/v7-m/crtbegin.o
                0x0000000008001b6c                PROVIDE (__init_array_end = .)
                0x0000000008001b6c                . = ALIGN (0x4)

.fini_array     0x0000000008001b6c        0x4
                0x0000000008001b6c                . = ALIGN (0x4)
                [!provide]                        PROVIDE (__fini_array_start = .)
 *(SORT_BY_NAME(.fini_array.*))
 *(.fini_array*)
 .fini_array    0x0000000008001b6c        0x4 c:/st/stm32cubeide_1.4.0/stm32cubeide/plugins/com.st.stm32cube.ide.mcu.externaltools.gnu-tools-for-stm32.7-2018-q2-update.win32_1.4.0.202007081208/tools/bin/../lib/gcc/arm-none-eabi/7.3.1/thumb/v7-m/crtbegin.o
                [!provide]                        PROVIDE (__fini_array_end = .)
                0x0000000008001b70                . = ALIGN (0x4)
                0x0000000008001b70                _sidata = LOADADDR (.data)

.data           0x0000000020000000       0x2c load address 0x0000000008001b70
                0x0000000020000000                . = ALIGN (0x4)
                0x0000000020000000                _sdata = .
 *(.data)
 *(.data*)
 .data.Available_Slots
                0x0000000020000000        0x1 Src/main.o
                0x0000000020000000                Available_Slots
 *fill*         0x0000000020000001        0x3 
 .data.LCD      0x0000000020000004       0x14 Src/main.o
                0x0000000020000004                LCD
 .data.LCD2     0x0000000020000018       0x14 Src/main.o
                0x0000000020000018                LCD2
                0x000000002000002c                . = ALIGN (0x4)
                0x000000002000002c                _edata = .

.igot.plt       0x000000002000002c        0x0 load address 0x0000000008001b9c
 .igot.plt      0x000000002000002c        0x0 c:/st/stm32cubeide_1.4.0/stm32cubeide/plugins/com.st.stm32cube.ide.mcu.externaltools.gnu-tools-for-stm32.7-2018-q2-update.win32_1.4.0.202007081208/tools/bin/../lib/gcc/arm-none-eabi/7.3.1/thumb/v7-m/crtbegin.o
                0x000000002000002c                . = ALIGN (0x4)

.bss            0x000000002000002c       0x6c load address 0x0000000008001b9c
                0x000000002000002c                _sbss = .
                0x000000002000002c                __bss_start__ = _sbss
 *(.bss)
 .bss           0x000000002000002c       0x1c c:/st/stm32cubeide_1.4.0/stm32cubeide/plugins/com.st.stm32cube.ide.mcu.externaltools.gnu-tools-for-stm32.7-2018-q2-update.win32_1.4.0.202007081208/tools/bin/../lib/gcc/arm-none-eabi/7.3.1/thumb/v7-m/crtbegin.o
 *(.bss*)
 .bss.pass      0x0000000020000048        0x3 Src/main.o
                0x0000000020000048                pass
 .bss.Search_Done
                0x000000002000004b        0x1 Src/main.o
                0x000000002000004b                Search_Done
 .bss.GP_USART_Config
                0x000000002000004c        0x4 Stm32_F103C6_drivers/Stm32_F103C6_UART_driver.o
                0x000000002000004c                GP_USART_Config
 *(COMMON)
 COMMON         0x0000000020000050        0x4 Src/main.o
                0x0000000020000050                RFID_CARD_Enter
                0x0000000020000052                RFID_CARD_EXIT
 COMMON         0x0000000020000054       0x3c Stm32_F103C6_drivers/Stm32_F103C6_EXTI_driver.o
                0x0000000020000054                GP_IRQ_CALLBACK
 COMMON         0x0000000020000090        0x8 Stm32_F103C6_drivers/Stm32_F103C6_UART_driver.o
                0x0000000020000090                PCLK
                0x0000000020000094                BRR
                0x0000000020000098                . = ALIGN (0x4)
                0x0000000020000098                _ebss = .
                0x0000000020000098                __bss_end__ = _ebss

._user_heap_stack
                0x0000000020000098      0x600 load address 0x0000000008001b9c
                0x0000000020000098                . = ALIGN (0x8)
                [!provide]                        PROVIDE (end = .)
                0x0000000020000098                PROVIDE (_end = .)
                0x0000000020000298                . = (. + _Min_Heap_Size)
 *fill*         0x0000000020000098      0x200 
                0x0000000020000698                . = (. + _Min_Stack_Size)
 *fill*         0x0000000020000298      0x400 
                0x0000000020000698                . = ALIGN (0x8)

/DISCARD/
 libc.a(*)
 libm.a(*)
 libgcc.a(*)

.ARM.attributes
                0x0000000000000000       0x29
 *(.ARM.attributes)
 .ARM.attributes
                0x0000000000000000       0x1d c:/st/stm32cubeide_1.4.0/stm32cubeide/plugins/com.st.stm32cube.ide.mcu.externaltools.gnu-tools-for-stm32.7-2018-q2-update.win32_1.4.0.202007081208/tools/bin/../lib/gcc/arm-none-eabi/7.3.1/thumb/v7-m/crti.o
 .ARM.attributes
                0x000000000000001d       0x2d c:/st/stm32cubeide_1.4.0/stm32cubeide/plugins/com.st.stm32cube.ide.mcu.externaltools.gnu-tools-for-stm32.7-2018-q2-update.win32_1.4.0.202007081208/tools/bin/../lib/gcc/arm-none-eabi/7.3.1/thumb/v7-m/crtbegin.o
 .ARM.attributes
                0x000000000000004a       0x33 HAL/Keypad.o
 .ARM.attributes
                0x000000000000007d       0x33 HAL/Servo_Motor.o
 .ARM.attributes
                0x00000000000000b0       0x33 HAL/lcd_me.o
 .ARM.attributes
                0x00000000000000e3       0x33 Src/main.o
 .ARM.attributes
                0x0000000000000116       0x21 Startup/startup_stm32f103c6tx.o
 .ARM.attributes
                0x0000000000000137       0x33 Stm32_F103C6_drivers/Stm32_F103C6_EXTI_driver.o
 .ARM.attributes
                0x000000000000016a       0x33 Stm32_F103C6_drivers/Stm32_F103C6_Gpio_driver.o
 .ARM.attributes
                0x000000000000019d       0x33 Stm32_F103C6_drivers/Stm32_F103C6_I2C_driver.o
 .ARM.attributes
                0x00000000000001d0       0x33 Stm32_F103C6_drivers/Stm32_F103C6_RCC_driver.o
 .ARM.attributes
                0x0000000000000203       0x33 Stm32_F103C6_drivers/Stm32_F103C6_Time_driver.o
 .ARM.attributes
                0x0000000000000236       0x33 Stm32_F103C6_drivers/Stm32_F103C6_UART_driver.o
 .ARM.attributes
                0x0000000000000269       0x2d c:/st/stm32cubeide_1.4.0/stm32cubeide/plugins/com.st.stm32cube.ide.mcu.externaltools.gnu-tools-for-stm32.7-2018-q2-update.win32_1.4.0.202007081208/tools/bin/../lib/gcc/arm-none-eabi/7.3.1/../../../../arm-none-eabi/lib/thumb/v7-m\libc_nano.a(lib_a-init.o)
 .ARM.attributes
                0x0000000000000296       0x1d c:/st/stm32cubeide_1.4.0/stm32cubeide/plugins/com.st.stm32cube.ide.mcu.externaltools.gnu-tools-for-stm32.7-2018-q2-update.win32_1.4.0.202007081208/tools/bin/../lib/gcc/arm-none-eabi/7.3.1/thumb/v7-m/crtn.o
OUTPUT(Second_Term_Project.axf elf32-littlearm)

.debug_info     0x0000000000000000     0x862f
 .debug_info    0x0000000000000000      0xab8 HAL/Keypad.o
 .debug_info    0x0000000000000ab8      0xb31 HAL/Servo_Motor.o
 .debug_info    0x00000000000015e9      0xf9f HAL/lcd_me.o
 .debug_info    0x0000000000002588      0xfd8 Src/main.o
 .debug_info    0x0000000000003560       0x22 Startup/startup_stm32f103c6tx.o
 .debug_info    0x0000000000003582      0xdc2 Stm32_F103C6_drivers/Stm32_F103C6_EXTI_driver.o
 .debug_info    0x0000000000004344      0xd93 Stm32_F103C6_drivers/Stm32_F103C6_Gpio_driver.o
 .debug_info    0x00000000000050d7     0x123b Stm32_F103C6_drivers/Stm32_F103C6_I2C_driver.o
 .debug_info    0x0000000000006312      0xb09 Stm32_F103C6_drivers/Stm32_F103C6_RCC_driver.o
 .debug_info    0x0000000000006e1b      0xa06 Stm32_F103C6_drivers/Stm32_F103C6_Time_driver.o
 .debug_info    0x0000000000007821      0xe0e Stm32_F103C6_drivers/Stm32_F103C6_UART_driver.o

.debug_abbrev   0x0000000000000000     0x145c
 .debug_abbrev  0x0000000000000000      0x197 HAL/Keypad.o
 .debug_abbrev  0x0000000000000197      0x1af HAL/Servo_Motor.o
 .debug_abbrev  0x0000000000000346      0x21e HAL/lcd_me.o
 .debug_abbrev  0x0000000000000564      0x27f Src/main.o
 .debug_abbrev  0x00000000000007e3       0x12 Startup/startup_stm32f103c6tx.o
 .debug_abbrev  0x00000000000007f5      0x228 Stm32_F103C6_drivers/Stm32_F103C6_EXTI_driver.o
 .debug_abbrev  0x0000000000000a1d      0x223 Stm32_F103C6_drivers/Stm32_F103C6_Gpio_driver.o
 .debug_abbrev  0x0000000000000c40      0x2a3 Stm32_F103C6_drivers/Stm32_F103C6_I2C_driver.o
 .debug_abbrev  0x0000000000000ee3      0x19b Stm32_F103C6_drivers/Stm32_F103C6_RCC_driver.o
 .debug_abbrev  0x000000000000107e      0x1b9 Stm32_F103C6_drivers/Stm32_F103C6_Time_driver.o
 .debug_abbrev  0x0000000000001237      0x225 Stm32_F103C6_drivers/Stm32_F103C6_UART_driver.o

.debug_loc      0x0000000000000000     0x17b4
 .debug_loc     0x0000000000000000       0x7c HAL/Keypad.o
 .debug_loc     0x000000000000007c      0x140 HAL/Servo_Motor.o
 .debug_loc     0x00000000000001bc      0x428 HAL/lcd_me.o
 .debug_loc     0x00000000000005e4      0x1b4 Src/main.o
 .debug_loc     0x0000000000000798      0x320 Stm32_F103C6_drivers/Stm32_F103C6_EXTI_driver.o
 .debug_loc     0x0000000000000ab8      0x38c Stm32_F103C6_drivers/Stm32_F103C6_Gpio_driver.o
 .debug_loc     0x0000000000000e44      0x524 Stm32_F103C6_drivers/Stm32_F103C6_I2C_driver.o
 .debug_loc     0x0000000000001368       0xc8 Stm32_F103C6_drivers/Stm32_F103C6_RCC_driver.o
 .debug_loc     0x0000000000001430       0xf0 Stm32_F103C6_drivers/Stm32_F103C6_Time_driver.o
 .debug_loc     0x0000000000001520      0x294 Stm32_F103C6_drivers/Stm32_F103C6_UART_driver.o

.debug_aranges  0x0000000000000000      0x3a8
 .debug_aranges
                0x0000000000000000       0x28 HAL/Keypad.o
 .debug_aranges
                0x0000000000000028       0x38 HAL/Servo_Motor.o
 .debug_aranges
                0x0000000000000060       0x80 HAL/lcd_me.o
 .debug_aranges
                0x00000000000000e0       0x58 Src/main.o
 .debug_aranges
                0x0000000000000138       0x28 Startup/startup_stm32f103c6tx.o
 .debug_aranges
                0x0000000000000160       0x80 Stm32_F103C6_drivers/Stm32_F103C6_EXTI_driver.o
 .debug_aranges
                0x00000000000001e0       0x68 Stm32_F103C6_drivers/Stm32_F103C6_Gpio_driver.o
 .debug_aranges
                0x0000000000000248       0x98 Stm32_F103C6_drivers/Stm32_F103C6_I2C_driver.o
 .debug_aranges
                0x00000000000002e0       0x38 Stm32_F103C6_drivers/Stm32_F103C6_RCC_driver.o
 .debug_aranges
                0x0000000000000318       0x30 Stm32_F103C6_drivers/Stm32_F103C6_Time_driver.o
 .debug_aranges
                0x0000000000000348       0x60 Stm32_F103C6_drivers/Stm32_F103C6_UART_driver.o

.debug_ranges   0x0000000000000000      0x300
 .debug_ranges  0x0000000000000000       0x18 HAL/Keypad.o
 .debug_ranges  0x0000000000000018       0x28 HAL/Servo_Motor.o
 .debug_ranges  0x0000000000000040       0x70 HAL/lcd_me.o
 .debug_ranges  0x00000000000000b0       0x48 Src/main.o
 .debug_ranges  0x00000000000000f8       0x20 Startup/startup_stm32f103c6tx.o
 .debug_ranges  0x0000000000000118       0x70 Stm32_F103C6_drivers/Stm32_F103C6_EXTI_driver.o
 .debug_ranges  0x0000000000000188       0x58 Stm32_F103C6_drivers/Stm32_F103C6_Gpio_driver.o
 .debug_ranges  0x00000000000001e0       0x88 Stm32_F103C6_drivers/Stm32_F103C6_I2C_driver.o
 .debug_ranges  0x0000000000000268       0x28 Stm32_F103C6_drivers/Stm32_F103C6_RCC_driver.o
 .debug_ranges  0x0000000000000290       0x20 Stm32_F103C6_drivers/Stm32_F103C6_Time_driver.o
 .debug_ranges  0x00000000000002b0       0x50 Stm32_F103C6_drivers/Stm32_F103C6_UART_driver.o

.debug_macro    0x0000000000000000     0x15dd
 .debug_macro   0x0000000000000000      0x149 HAL/Keypad.o
 .debug_macro   0x0000000000000149      0x163 HAL/Servo_Motor.o
 .debug_macro   0x00000000000002ac       0x4c HAL/Servo_Motor.o
 .debug_macro   0x00000000000002f8       0x10 HAL/Servo_Motor.o
 .debug_macro   0x0000000000000308      0x191 HAL/lcd_me.o
 .debug_macro   0x0000000000000499       0x8e HAL/lcd_me.o
 .debug_macro   0x0000000000000527       0x51 HAL/lcd_me.o
 .debug_macro   0x0000000000000578       0x46 HAL/lcd_me.o
 .debug_macro   0x00000000000005be      0x1ae Src/main.o
 .debug_macro   0x000000000000076c       0xe2 Src/main.o
 .debug_macro   0x000000000000084e       0xc8 Src/main.o
 .debug_macro   0x0000000000000916      0x225 Src/main.o
 .debug_macro   0x0000000000000b3b       0x5e Src/main.o
 .debug_macro   0x0000000000000b99      0x158 Stm32_F103C6_drivers/Stm32_F103C6_EXTI_driver.o
 .debug_macro   0x0000000000000cf1      0x21f Stm32_F103C6_drivers/Stm32_F103C6_EXTI_driver.o
 .debug_macro   0x0000000000000f10      0x13f Stm32_F103C6_drivers/Stm32_F103C6_Gpio_driver.o
 .debug_macro   0x000000000000104f      0x163 Stm32_F103C6_drivers/Stm32_F103C6_I2C_driver.o
 .debug_macro   0x00000000000011b2      0x14e Stm32_F103C6_drivers/Stm32_F103C6_RCC_driver.o
 .debug_macro   0x0000000000001300       0x10 Stm32_F103C6_drivers/Stm32_F103C6_RCC_driver.o
 .debug_macro   0x0000000000001310      0x130 Stm32_F103C6_drivers/Stm32_F103C6_Time_driver.o
 .debug_macro   0x0000000000001440       0x46 Stm32_F103C6_drivers/Stm32_F103C6_Time_driver.o
 .debug_macro   0x0000000000001486      0x157 Stm32_F103C6_drivers/Stm32_F103C6_UART_driver.o

.debug_line     0x0000000000000000     0x4215
 .debug_line    0x0000000000000000      0x5e3 HAL/Keypad.o
 .debug_line    0x00000000000005e3      0x5c7 HAL/Servo_Motor.o
 .debug_line    0x0000000000000baa      0x6e5 HAL/lcd_me.o
 .debug_line    0x000000000000128f      0x7d0 Src/main.o
 .debug_line    0x0000000000001a5f       0x84 Startup/startup_stm32f103c6tx.o
 .debug_line    0x0000000000001ae3      0x6eb Stm32_F103C6_drivers/Stm32_F103C6_EXTI_driver.o
 .debug_line    0x00000000000021ce      0x67e Stm32_F103C6_drivers/Stm32_F103C6_Gpio_driver.o
 .debug_line    0x000000000000284c      0x7c0 Stm32_F103C6_drivers/Stm32_F103C6_I2C_driver.o
 .debug_line    0x000000000000300c      0x5ae Stm32_F103C6_drivers/Stm32_F103C6_RCC_driver.o
 .debug_line    0x00000000000035ba      0x588 Stm32_F103C6_drivers/Stm32_F103C6_Time_driver.o
 .debug_line    0x0000000000003b42      0x6d3 Stm32_F103C6_drivers/Stm32_F103C6_UART_driver.o

.debug_str      0x0000000000000000     0xcaf4
 .debug_str     0x0000000000000000     0x9773 HAL/Keypad.o
                                       0x99d4 (size before relaxing)
 .debug_str     0x0000000000009773      0x279 HAL/Servo_Motor.o
                                       0x9c1d (size before relaxing)
 .debug_str     0x00000000000099ec      0x418 HAL/lcd_me.o
                                       0x9dce (size before relaxing)
 .debug_str     0x0000000000009e04     0x228a Src/main.o
                                       0xc08d (size before relaxing)
 .debug_str     0x000000000000c08e       0x31 Startup/startup_stm32f103c6tx.o
                                         0x4c (size before relaxing)
 .debug_str     0x000000000000c0bf      0x27e Stm32_F103C6_drivers/Stm32_F103C6_EXTI_driver.o
                                       0xaef7 (size before relaxing)
 .debug_str     0x000000000000c33d      0x126 Stm32_F103C6_drivers/Stm32_F103C6_Gpio_driver.o
                                       0x9b1b (size before relaxing)
 .debug_str     0x000000000000c463      0x49d Stm32_F103C6_drivers/Stm32_F103C6_I2C_driver.o
                                       0xa0fc (size before relaxing)
 .debug_str     0x000000000000c900       0xa7 Stm32_F103C6_drivers/Stm32_F103C6_RCC_driver.o
                                       0x9a65 (size before relaxing)
 .debug_str     0x000000000000c9a7       0x3f Stm32_F103C6_drivers/Stm32_F103C6_Time_driver.o
                                       0x713c (size before relaxing)
 .debug_str     0x000000000000c9e6      0x10e Stm32_F103C6_drivers/Stm32_F103C6_UART_driver.o
                                       0xa278 (size before relaxing)

.comment        0x0000000000000000       0x7b
 .comment       0x0000000000000000       0x7b HAL/Keypad.o
                                         0x7c (size before relaxing)
 .comment       0x000000000000007b       0x7c HAL/Servo_Motor.o
 .comment       0x000000000000007b       0x7c HAL/lcd_me.o
 .comment       0x000000000000007b       0x7c Src/main.o
 .comment       0x000000000000007b       0x7c Stm32_F103C6_drivers/Stm32_F103C6_EXTI_driver.o
 .comment       0x000000000000007b       0x7c Stm32_F103C6_drivers/Stm32_F103C6_Gpio_driver.o
 .comment       0x000000000000007b       0x7c Stm32_F103C6_drivers/Stm32_F103C6_I2C_driver.o
 .comment       0x000000000000007b       0x7c Stm32_F103C6_drivers/Stm32_F103C6_RCC_driver.o
 .comment       0x000000000000007b       0x7c Stm32_F103C6_drivers/Stm32_F103C6_Time_driver.o
 .comment       0x000000000000007b       0x7c Stm32_F103C6_drivers/Stm32_F103C6_UART_driver.o

.debug_frame    0x0000000000000000      0xc0c
 .debug_frame   0x0000000000000000       0x50 HAL/Keypad.o
 .debug_frame   0x0000000000000050       0xa0 HAL/Servo_Motor.o
 .debug_frame   0x00000000000000f0      0x1ec HAL/lcd_me.o
 .debug_frame   0x00000000000002dc      0x104 Src/main.o
 .debug_frame   0x00000000000003e0      0x1b0 Stm32_F103C6_drivers/Stm32_F103C6_EXTI_driver.o
 .debug_frame   0x0000000000000590      0x1a0 Stm32_F103C6_drivers/Stm32_F103C6_Gpio_driver.o
 .debug_frame   0x0000000000000730      0x264 Stm32_F103C6_drivers/Stm32_F103C6_I2C_driver.o
 .debug_frame   0x0000000000000994       0x84 Stm32_F103C6_drivers/Stm32_F103C6_RCC_driver.o
 .debug_frame   0x0000000000000a18       0x7c Stm32_F103C6_drivers/Stm32_F103C6_Time_driver.o
 .debug_frame   0x0000000000000a94      0x14c Stm32_F103C6_drivers/Stm32_F103C6_UART_driver.o
 .debug_frame   0x0000000000000be0       0x2c c:/st/stm32cubeide_1.4.0/stm32cubeide/plugins/com.st.stm32cube.ide.mcu.externaltools.gnu-tools-for-stm32.7-2018-q2-update.win32_1.4.0.202007081208/tools/bin/../lib/gcc/arm-none-eabi/7.3.1/../../../../arm-none-eabi/lib/thumb/v7-m\libc_nano.a(lib_a-init.o)
