Stm32_F103C6_EXTI_driver.c:24:6:ENABLE_NVIC	16	static
Stm32_F103C6_EXTI_driver.c:63:6:DISABLE_NVIC	16	static
Stm32_F103C6_EXTI_driver.c:101:6:UPdate_EXTI	24	static
Stm32_F103C6_EXTI_driver.c:174:6:MCAL_EXTI_GPIO_INIT	16	static
Stm32_F103C6_EXTI_driver.c:188:6:MCAL_EXTI_GPIO_DEINIT	4	static
Stm32_F103C6_EXTI_driver.c:220:6:MCAL_EXTI_GPIO_UPDATE	16	static
Stm32_F103C6_EXTI_driver.c:236:6:EXTI0_IRQHandler	8	static
Stm32_F103C6_EXTI_driver.c:244:6:EXTI1_IRQHandler	8	static
Stm32_F103C6_EXTI_driver.c:252:6:EXTI2_IRQHandler	8	static
Stm32_F103C6_EXTI_driver.c:260:6:EXTI3_IRQHandler	8	static
Stm32_F103C6_EXTI_driver.c:268:6:EXTI4_IRQHandler	8	static
Stm32_F103C6_EXTI_driver.c:277:6:EXTI9_5_IRQHandler	8	static
Stm32_F103C6_EXTI_driver.c:287:6:EXTI15_10_IRQHandler	8	static
