Stm32_F103C6_UART_driver.c:43:6:MCAL_UART_GPIO_Set_Pins	24	static
Stm32_F103C6_UART_driver.c:175:6:MCAL_UART_Init	16	static
Stm32_F103C6_UART_driver.c:271:6:MCAL_UART_DeInit	16	static
Stm32_F103C6_UART_driver.c:303:6:MCAL_UART_Send_Data	24	static
Stm32_F103C6_UART_driver.c:335:6:MCAL_UART_Recieve_Data	24	static
Stm32_F103C6_UART_driver.c:369:6:MCAL_UART_WAIT_TC	16	static
Stm32_F103C6_UART_driver.c:376:6:USART1_IRQHandler	8	static
Stm32_F103C6_UART_driver.c:381:6:USART2_IRQHandler	8	static
Stm32_F103C6_UART_driver.c:386:6:USART3_IRQHandler	8	static
